{
  "receipts": [
    {
      "id": "operation_lukavac_93",
      "week_index": 70,
      "receipt_turn": 70
    },
    {
      "id": "markale_massacre_1994",
      "week_index": 96,
      "receipt_turn": 96
    },
    {
      "id": "rbih_nato_ultimatum_compliance_1994",
      "week_index": 97,
      "receipt_turn": 97
    }
  ],
  "absent": [
    "nato_ultimatum_sarajevo_1994",
    "sarajevo_exclusion_zone_1994"
  ],
  "windows": [
    {
      "turn": 68,
      "controllers": {
        "op:trnovo:delijas": "RBiH",
        "op:trnovo:gornja_presjenica": "RS",
        "op:trnovo:kijevo_2": "RS",
        "op:trnovo:tosici": "RS",
        "op:trnovo:trnovo": "RBiH",
        "op:trnovo:tusila": "RBiH"
      },
      "rs_count": 3,
      "total": 6
    },
    {
      "turn": 69,
      "controllers": {
        "op:trnovo:delijas": "RBiH",
        "op:trnovo:gornja_presjenica": "RS",
        "op:trnovo:kijevo_2": "RS",
        "op:trnovo:tosici": "RS",
        "op:trnovo:trnovo": "RBiH",
        "op:trnovo:tusila": "RBiH"
      },
      "rs_count": 3,
      "total": 6
    },
    {
      "turn": 70,
      "controllers": {
        "op:trnovo:delijas": "RBiH",
        "op:trnovo:gornja_presjenica": "RS",
        "op:trnovo:kijevo_2": "RS",
        "op:trnovo:tosici": "RS",
        "op:trnovo:trnovo": "RBiH",
        "op:trnovo:tusila": "RBiH"
      },
      "rs_count": 3,
      "total": 6
    },
    {
      "turn": 71,
      "controllers": {
        "op:trnovo:delijas": "RBiH",
        "op:trnovo:gornja_presjenica": "RS",
        "op:trnovo:kijevo_2": "RS",
        "op:trnovo:tosici": "RS",
        "op:trnovo:trnovo": "RBiH",
        "op:trnovo:tusila": "RBiH"
      },
      "rs_count": 3,
      "total": 6
    }
  ],
  "trnovo_control_events": [
    {
      "attacker_brigade": "rs_1st_romanija_infantry",
      "battle_id": "25:op:trnovo:kijevo_2:rs_1st_romanija_infantry:arbih_4th_muslim_light",
      "from": "RBiH",
      "mechanism": "combat",
      "mun_id": "trnovo",
      "settlement_id": "op:trnovo:kijevo_2",
      "to": "RS",
      "turn": 25,
      "index": 113
    }
  ]
}
