PASS NATO window 96-97
PASS all other 1994 catalog fields unchanged, including choices/effects
PASS preserved data/scenarios/events/war_1993.json
PASS preserved data/scenarios/events/war_1995.json
PASS preserved src/sim/events/evaluate_events.ts
PASS preserved src/sim/turn_pipeline.ts
PASS preserved data/scenarios/apr1992_definitive_188w.json
PASS prior ledger preserved in full
warning: in the working copy of 'docs/PROJECT_LEDGER.md', CRLF will be replaced by LF the next time Git touches it
warning: in the working copy of 'docs/PROJECT_LEDGER_KNOWLEDGE.md', CRLF will be replaced by LF the next time Git touches it
warning: in the working copy of 'docs/plans/COMMAND_BOARD.md', CRLF will be replaced by LF the next time Git touches it
PASS local link docs/40_reports/20260905_EVENT_FIRING_SATURATION_AND_DEAD_CATALOG.md: ../plans/2026-07-31-full-campaign-electron-validation-plan.md
PASS local link docs/40_reports/audits/20260906_FACTION_CONTROLS_MUNICIPALITY_THRESHOLD_SWEEP.md: ../../plans/2026-07-31-full-campaign-electron-validation-plan.md
warning: in the working copy of 'docs/PROJECT_LEDGER.md', CRLF will be replaced by LF the next time Git touches it
warning: in the working copy of 'docs/PROJECT_LEDGER_KNOWLEDGE.md', CRLF will be replaced by LF the next time Git touches it
PASS local link docs/PROJECT_LEDGER_KNOWLEDGE.md: plans/2026-07-31-full-campaign-electron-validation-plan.md
PASS local link docs/PROJECT_LEDGER_KNOWLEDGE.md: PROJECT_LEDGER.md
PASS local link docs/plans/2026-07-31-full-campaign-electron-validation-plan.md: ../40_reports/audits/20260906_FACTION_CONTROLS_MUNICIPALITY_THRESHOLD_SWEEP.md
warning: in the working copy of 'docs/plans/COMMAND_BOARD.md', CRLF will be replaced by LF the next time Git touches it
PASS local link docs/plans/COMMAND_BOARD.md: 2026-07-31-full-campaign-electron-validation-plan.md
PASS local link docs/plans/MASTER_ROADMAP.md: 2026-07-31-full-campaign-electron-validation-plan.md
warning: in the working copy of 'docs/PROJECT_LEDGER.md', CRLF will be replaced by LF the next time Git touches it
warning: in the working copy of 'docs/PROJECT_LEDGER_KNOWLEDGE.md', CRLF will be replaced by LF the next time Git touches it
warning: in the working copy of 'docs/plans/COMMAND_BOARD.md', CRLF will be replaced by LF the next time Git touches it
15 scope/document checks passed; 7 added local links resolve; diff check exit 0
