[main 0b90cd678] docs: reconcile roadmap status and retain validation evidence
 200 files changed, 18753 insertions(+), 113 deletions(-)
 create mode 100644 docs/plans/2026-09-07-bounded-deletion-cleanup-plan.md
 create mode 100644 docs/plans/2026-09-07-r8-runtime-input-ai-integrity-plan.md
 create mode 100644 docs/plans/2026-09-07-r9-build-validation-preparation-plan.md
 create mode 100644 logs/bc03/approval-diff-check.exit.txt
 create mode 100644 logs/bc03/approval-docs.exit.txt
 create mode 100644 logs/bc03/approval-docs.log
 create mode 100644 logs/bc03/approval-final-diff.exit.txt
 create mode 100644 logs/bc03/approval-final-diff.log
 create mode 100644 logs/bc03/approval-green.exit.txt
 create mode 100644 logs/bc03/approval-green.log
 create mode 100644 logs/bc03/approval-red.exit.txt
 create mode 100644 logs/bc03/approval-red.log
 create mode 100644 logs/bc03/approval-typecheck.exit.txt
 create mode 100644 logs/bc03/approval-typecheck.log
 create mode 100644 logs/bc03/chain-integration.exit.txt
 create mode 100644 logs/bc03/chain-integration.log
 create mode 100644 logs/bc03/desktop-sim-build.exit.txt
 create mode 100644 logs/bc03/desktop-sim-build.log
 create mode 100644 logs/bc03/diff-check.exit.txt
 create mode 100644 logs/bc03/diff-final.exit.txt
 create mode 100644 logs/bc03/diff-final.log
 create mode 100644 logs/bc03/docs-check.exit.txt
 create mode 100644 logs/bc03/docs-check.log
 create mode 100644 logs/bc03/docs-final.exit.txt
 create mode 100644 logs/bc03/docs-final.log
 create mode 100644 logs/bc03/focused-regression.exit.txt
 create mode 100644 logs/bc03/focused-regression.log
 create mode 100644 logs/bc03/n392-in-memory-closeout.command.txt
 create mode 100644 logs/bc03/n392-in-memory-closeout.exit.txt
 create mode 100644 logs/bc03/n392-in-memory-closeout.log
 create mode 100644 logs/bc03/n392-in-memory-closeout.ts
 create mode 100644 logs/bc03/stage1-green.exit.txt
 create mode 100644 logs/bc03/stage1-green.log
 create mode 100644 logs/bc03/stage1-red.exit.txt
 create mode 100644 logs/bc03/stage1-red.log
 create mode 100644 logs/bc03/stage1-termination.patch
 create mode 100644 logs/bc03/stage2-event-data.patch
 create mode 100644 logs/bc03/stage2-green.exit.txt
 create mode 100644 logs/bc03/stage2-green.log
 create mode 100644 logs/bc03/stage2-narrative-green.exit.txt
 create mode 100644 logs/bc03/stage2-narrative-green.log
 create mode 100644 logs/bc03/stage2-narrative-red.exit.txt
 create mode 100644 logs/bc03/stage2-narrative-red.log
 create mode 100644 logs/bc03/stage2-red.exit.txt
 create mode 100644 logs/bc03/stage2-red.log
 create mode 100644 logs/bc03/stages-green.exit.txt
 create mode 100644 logs/bc03/stages-green.log
 create mode 100644 logs/bc03/typecheck.exit.txt
 create mode 100644 logs/bc03/typecheck.log
 create mode 100644 logs/bc03/warroom-build.exit.txt
 create mode 100644 logs/bc03/warroom-build.log
 create mode 100644 logs/bc04/bc03-preservation-check.exitcode
 create mode 100644 logs/bc04/bc03-preservation-check.log
 create mode 100644 logs/bc04/bc03-preserved.diff
 create mode 100644 logs/bc04/check-docs.cjs
 create mode 100644 logs/bc04/diff-check.exit.txt
 create mode 100644 logs/bc04/diff-check.log
 create mode 100644 logs/bc04/docs-preservation.exit.txt
 create mode 100644 logs/bc04/docs-preservation.log
 create mode 100644 logs/bc04/docs-tests.exit.txt
 create mode 100644 logs/bc04/docs-tests.log
 create mode 100644 logs/bc04/extract-n392-receipts.cjs
 create mode 100644 logs/bc04/independent-review.md
 create mode 100644 logs/bc04/n392-receipts.exitcode
 create mode 100644 logs/bc04/n392-receipts.json
 create mode 100644 logs/bc04/n392-summary.exitcode
 create mode 100644 logs/bc04/n392-summary.json
 create mode 100644 logs/bc04/p1/authorized-suites.exitcode
 create mode 100644 logs/bc04/p1/authorized-suites.log
 create mode 100644 logs/bc04/p1/bc03-commit-check.log
 create mode 100644 logs/bc04/p1/bc03-commit-files.log
 create mode 100644 logs/bc04/p1/bc03-commit.exit.txt
 create mode 100644 logs/bc04/p1/bc03-commit.log
 create mode 100644 logs/bc04/p1/bc03-committed.log
 create mode 100644 logs/bc04/p1/candidate-commit.exit.txt
 create mode 100644 logs/bc04/p1/candidate-commit.log
 create mode 100644 logs/bc04/p1/candidate-committed.log
 create mode 100644 logs/bc04/p1/candidate-docs.exit.txt
 create mode 100644 logs/bc04/p1/candidate-docs.log
 create mode 100644 logs/bc04/p1/candidate-scope.exit.txt
 create mode 100644 logs/bc04/p1/candidate-scope.log
 create mode 100644 logs/bc04/p1/desktop-sim-build.exit.txt
 create mode 100644 logs/bc04/p1/desktop-sim-build.log
 create mode 100644 logs/bc04/p1/diff-check.exitcode
 create mode 100644 logs/bc04/p1/docs-tests.exit.txt
 create mode 100644 logs/bc04/p1/docs-tests.log
 create mode 100644 logs/bc04/p1/final-diff-check.exit.txt
 create mode 100644 logs/bc04/p1/final-diff-check.log
 create mode 100644 logs/bc04/p1/focused-green.exitcode
 create mode 100644 logs/bc04/p1/focused-green.log
 create mode 100644 logs/bc04/p1/focused-red.exitcode
 create mode 100644 logs/bc04/p1/focused-red.log
 create mode 100644 logs/bc04/p1/independent-review.md
 create mode 100644 logs/bc04/p1/reference-search-errors.log
 create mode 100644 logs/bc04/p1/scope-preservation.exit.txt
 create mode 100644 logs/bc04/p1/scope-preservation.log
 create mode 100644 logs/bc04/p1/typecheck.exit.txt
 create mode 100644 logs/bc04/p1/typecheck.log
 create mode 100644 logs/bc04/p1/verify-scope.cjs
 create mode 100644 logs/bc04/p1/warroom-build.exit.txt
 create mode 100644 logs/bc04/p1/warroom-build.log
 create mode 100644 logs/bc04/p2-implementation/chronicle-final.exitcode
 create mode 100644 logs/bc04/p2-implementation/chronicle-final.log
 create mode 100644 logs/bc04/p2-implementation/chronicle-final2.exitcode
 create mode 100644 logs/bc04/p2-implementation/chronicle-final2.log
 create mode 100644 logs/bc04/p2-implementation/chronicle-final3.exitcode
 create mode 100644 logs/bc04/p2-implementation/chronicle-final3.log
 create mode 100644 logs/bc04/p2-implementation/commands.md
 create mode 100644 logs/bc04/p2-implementation/desktop-map-build-final.exitcode
 create mode 100644 logs/bc04/p2-implementation/desktop-map-build-final.log
 create mode 100644 logs/bc04/p2-implementation/desktop-map-build.exitcode
 create mode 100644 logs/bc04/p2-implementation/desktop-map-build.log
 create mode 100644 logs/bc04/p2-implementation/desktop-sim-build.exitcode
 create mode 100644 logs/bc04/p2-implementation/desktop-sim-build.log
 create mode 100644 logs/bc04/p2-implementation/diff-check.exitcode
 create mode 100644 logs/bc04/p2-implementation/docs-diff-check.log
 create mode 100644 logs/bc04/p2-implementation/docs-tests.exit
 create mode 100644 logs/bc04/p2-implementation/docs-tests.log
 create mode 100644 logs/bc04/p2-implementation/final-diff-check.log
 create mode 100644 logs/bc04/p2-implementation/focused-tests-final.exitcode
 create mode 100644 logs/bc04/p2-implementation/focused-tests-final.log
 create mode 100644 logs/bc04/p2-implementation/focused-tests.exitcode
 create mode 100644 logs/bc04/p2-implementation/focused-tests.log
 create mode 100644 logs/bc04/p2-implementation/independent-review.md
 create mode 100644 logs/bc04/p2-implementation/lock-start.sha256
 create mode 100644 logs/bc04/p2-implementation/missing-parent-regression.exitcode
 create mode 100644 logs/bc04/p2-implementation/missing-parent-regression.log
 create mode 100644 logs/bc04/p2-implementation/prechange-regressions.exitcode
 create mode 100644 logs/bc04/p2-implementation/prechange-regressions.log
 create mode 100644 logs/bc04/p2-implementation/preexisting.patch
 create mode 100644 logs/bc04/p2-implementation/preservation-final.exitcode
 create mode 100644 logs/bc04/p2-implementation/preservation-final.log
 create mode 100644 logs/bc04/p2-implementation/preservation.exit
 create mode 100644 logs/bc04/p2-implementation/preservation.log
 create mode 100644 logs/bc04/p2-implementation/reviewer-correction-tests.exitcode
 create mode 100644 logs/bc04/p2-implementation/reviewer-correction-tests.log
 create mode 100644 logs/bc04/p2-implementation/targeted-correction-tests.exitcode
 create mode 100644 logs/bc04/p2-implementation/targeted-correction-tests.log
 create mode 100644 logs/bc04/p2-implementation/timeline-correction-tests.exitcode
 create mode 100644 logs/bc04/p2-implementation/timeline-correction-tests.log
 create mode 100644 logs/bc04/p2-implementation/typecheck-final.exitcode
 create mode 100644 logs/bc04/p2-implementation/typecheck-final.log
 create mode 100644 logs/bc04/p2-implementation/typecheck-final2.exitcode
 create mode 100644 logs/bc04/p2-implementation/typecheck-final2.log
 create mode 100644 logs/bc04/p2-implementation/typecheck-final3.exitcode
 create mode 100644 logs/bc04/p2-implementation/typecheck-final3.log
 create mode 100644 logs/bc04/p2-implementation/typecheck.exitcode
 create mode 100644 logs/bc04/p2-implementation/typecheck.log
 create mode 100644 logs/bc04/p2-implementation/verify-preservation.cjs
 create mode 100644 logs/bc04/p2-implementation/warroom-build.exitcode
 create mode 100644 logs/bc04/p2-implementation/warroom-build.log
 create mode 100644 logs/bc04/p2-temporal/commands.txt
 create mode 100644 logs/bc04/p2-temporal/concurrent-docs-before.patch
 create mode 100644 logs/bc04/p2-temporal/concurrent-status.log
 create mode 100644 logs/bc04/p2-temporal/diff-check.log
 create mode 100644 logs/bc04/p2-temporal/docs-tests.exit
 create mode 100644 logs/bc04/p2-temporal/docs-tests.log
 create mode 100644 logs/bc04/p2-temporal/fixture-output.json
 create mode 100644 logs/bc04/p2-temporal/fixture-stderr.log
 create mode 100644 logs/bc04/p2-temporal/historical-targets.md
 create mode 100644 logs/bc04/p2-temporal/lock-start.sha256
 create mode 100644 logs/bc04/p2-temporal/review.md
 create mode 100644 logs/bc04/p2-temporal/temporal_fixture.ts
 create mode 100644 logs/bc04/p2-temporal/trace.md
 create mode 100644 logs/bc04/plan-diff-check.exitcode
 create mode 100644 logs/bc04/plan-diff-check.log
 create mode 100644 logs/bc04/planned-files-status.exitcode
 create mode 100644 logs/bc04/planned-files-status.log
 create mode 100644 logs/bc04/pre-session-hashes.json
 create mode 100644 logs/bc04/pre-session.patch
 create mode 100644 logs/bc04/summarize-n392.cjs
 create mode 100644 logs/bounded-deletion-cleanup/planning-diff-check.log
 create mode 100644 logs/bounded-deletion-cleanup/planning-docs-tests.log
 create mode 100644 logs/bounded-deletion-cleanup/planning-links.log
 create mode 100644 logs/repository-audit-planning/anchors.json
 create mode 100644 logs/repository-audit-planning/diff-check.log
 create mode 100644 logs/repository-audit-planning/docs-tests.log
 create mode 100644 logs/repository-audit-planning/independent-review.md
 create mode 100644 logs/repository-audit-planning/links.json
 create mode 100644 logs/repository-wide-audit/audit.md
 create mode 100644 logs/repository-wide-audit/inventory.json
 create mode 100644 logs/repository-wide-audit/package-data-candidates.json
 create mode 100644 logs/repository-wide-audit/test-overlap.json
 create mode 100644 logs/repository-wide-audit/tooling-controls.json
 create mode 100644 logs/repository-wide-audit/verification.json
 create mode 100644 logs/roadmap-commit-sync/check-doc-links.cjs
 create mode 100644 logs/roadmap-commit-sync/doc-links.json
 create mode 100644 logs/roadmap-commit-sync/docs-tests.exit
 create mode 100644 logs/roadmap-commit-sync/docs-tests.log
