
 RUN  v2.1.9 F:/A-War-Without-Victory

 ❯ tests/events_evaluate.test.ts (44 tests | 2 failed) 633ms
   × evaluateEvents: an opted-in automatic dependent observes its parent receipt in the same turn 15ms
     → Expected values to be strictly deep-equal:
+ actual - expected

  [
    'same_turn_parent',
-   'same_turn_child'
  ]

   × evaluateEvents: the post-primary wave is one canonical snapshot without third-level cascading 2ms
     → Expected values to be strictly deep-equal:
+ actual - expected

  [
    'snapshot_parent',
-   'snapshot_child_a',
-   'snapshot_child_b'
  ]

 ❯ tests/event_loader.test.ts (41 tests | 5 failed) 765ms
   × loadEventDefinitionsFromDir rejects non-boolean same-turn prerequisite opt-ins 17ms
     → Missing expected exception.
   × loadEventDefinitionsFromDir rejects not once-only same-turn prerequisite opt-ins 8ms
     → Missing expected exception.
   × loadEventDefinitionsFromDir rejects empty prerequisites same-turn prerequisite opt-ins 6ms
     → Missing expected exception.
   × loadEventDefinitionsFromDir rejects pressure-driven same-turn prerequisite opt-ins 7ms
     → Missing expected exception.
   × loadEventDefinitionsFromDir rejects decision-bearing same-turn prerequisite opt-ins 7ms
     → Missing expected exception.
 ❯ tests/event_timeline_integrity.test.ts (23 tests | 2 failed) 50ms
   × Event timeline historical integrity > Srebrenica and Zepa fall rows are event-authored territorial receipts 11ms
     → expected 160 to be 169 // Object.is equality
   × Event timeline historical integrity > pins the coherent 1995 completed-week receipt packet and protected windows 3ms
     → expected [ 160, 160 ] to deeply equal [ 164, 164 ]
 ✓ tests/pressure_system.test.ts (12 tests) 20ms
 ❯ tests/ui/decision_consequence_records_panel.test.ts (9 tests | 1 failed) 458ms
   × DecisionConsequenceRecordsPanel > links an authored source decision forward to its filed receipt and back 86ms
     → turnToCompletedWeekRange is not a function
 ❯ tests/ui/settlement_timeline_i18n.test.ts (14 tests | 1 failed) 157ms
   × SettlementTimeline localization > labels occurrence receipts with their completed week in each locale 14ms
     → expected '17 Jul 1995' to be '10-16 Jul 1995' // Object.is equality
 ❯ tests/ui/chronicle_focus_routing.test.ts (3 tests | 1 failed) 246ms
   × Chronicle focused decision routing > uses completed weeks only for receipt-only groups and preserves mixed decision dates 13ms
     → formatChronicleGroupDate is not a function
 ❯ tests/ui/chronicle_spine_scrubber.test.ts (4 tests | 1 failed) 139ms
   × ChronicleRibbonScrubber > formats completed receipt weeks while keeping turn zero safe 7ms
     → turnToCompletedWeekRange is not a function

⎯⎯⎯⎯⎯⎯ Failed Tests 13 ⎯⎯⎯⎯⎯⎯⎯

 FAIL  tests/event_loader.test.ts > loadEventDefinitionsFromDir rejects non-boolean same-turn prerequisite opt-ins
 FAIL  tests/event_loader.test.ts > loadEventDefinitionsFromDir rejects not once-only same-turn prerequisite opt-ins
 FAIL  tests/event_loader.test.ts > loadEventDefinitionsFromDir rejects empty prerequisites same-turn prerequisite opt-ins
 FAIL  tests/event_loader.test.ts > loadEventDefinitionsFromDir rejects pressure-driven same-turn prerequisite opt-ins
 FAIL  tests/event_loader.test.ts > loadEventDefinitionsFromDir rejects decision-bearing same-turn prerequisite opt-ins
AssertionError: Missing expected exception.

simple

 ❯ assertCatalogRowsThrow tests/event_loader.test.ts:94:12
     92|     writeCatalogRows(dir, rows);
     93| 
     94|     assert.throws(
       |            ^
     95|         () => loadEventDefinitionsFromDir(0, dir),
     96|         expected,
 ❯ tests/event_loader.test.ts:846:5

⎯⎯⎯⎯⎯⎯⎯⎯⎯⎯⎯⎯⎯⎯⎯⎯⎯⎯⎯⎯⎯⎯⎯[1/13]⎯

 FAIL  tests/event_timeline_integrity.test.ts > Event timeline historical integrity > Srebrenica and Zepa fall rows are event-authored territorial receipts
AssertionError: expected 160 to be 169 // Object.is equality

- Expected
+ Received

- 169
+ 160

 ❯ tests/event_timeline_integrity.test.ts:129:45
    127|         const zepa = allEvents.find((e: any) => e.id === 'zepa_falls_1…
    128| 
    129|         expect(srebrenica.trigger.turn_min).toBe(169);
       |                                             ^
    130|         expect(srebrenica.pressure?.threshold).toBe(8);
    131|         expect(srebrenica.trigger.condition.conditions).toContainEqual…

⎯⎯⎯⎯⎯⎯⎯⎯⎯⎯⎯⎯⎯⎯⎯⎯⎯⎯⎯⎯⎯⎯⎯[2/13]⎯

 FAIL  tests/event_timeline_integrity.test.ts > Event timeline historical integrity > pins the coherent 1995 completed-week receipt packet and protected windows
AssertionError: expected [ 160, 160 ] to deeply equal [ 164, 164 ]

- Expected
+ Received

  Array [
-   164,
-   164,
+   160,
+   160,
  ]

 ❯ tests/event_timeline_integrity.test.ts:164:66
    162|         const deliberateForce = byId('nato_deliberate_force_1995');
    163| 
    164|         expect([tuzla.trigger.turn_min, tuzla.trigger.turn_max]).toEqu…
       |                                                                  ^
    165|         expect([hostage.trigger.turn_min, hostage.trigger.turn_max]).t…
    166|         expect([srebrenica.trigger.turn_min, srebrenica.trigger.turn_m…

⎯⎯⎯⎯⎯⎯⎯⎯⎯⎯⎯⎯⎯⎯⎯⎯⎯⎯⎯⎯⎯⎯⎯[3/13]⎯

 FAIL  tests/events_evaluate.test.ts > evaluateEvents: an opted-in automatic dependent observes its parent receipt in the same turn
AssertionError: Expected values to be strictly deep-equal:
+ actual - expected

  [
    'same_turn_parent',
-   'same_turn_child'
  ]


- Expected
+ Received

  Array [
    "same_turn_parent",
-   "same_turn_child",
  ]

 ❯ tests/events_evaluate.test.ts:911:12
    909|     const result = evaluateEvents(state, rejectRandomness, 10, [child,…
    910| 
    911|     assert.deepStrictEqual(result.fired.map((event) => event.id), ['sa…
       |            ^
    912|     assert.deepStrictEqual(state.military.fired_event_ids, ['same_turn…
    913|     assert.strictEqual(state.military.event_fire_counts?.same_turn_chi…

⎯⎯⎯⎯⎯⎯⎯⎯⎯⎯⎯⎯⎯⎯⎯⎯⎯⎯⎯⎯⎯⎯⎯[4/13]⎯

 FAIL  tests/events_evaluate.test.ts > evaluateEvents: the post-primary wave is one canonical snapshot without third-level cascading
AssertionError: Expected values to be strictly deep-equal:
+ actual - expected

  [
    'snapshot_parent',
-   'snapshot_child_a',
-   'snapshot_child_b'
  ]


- Expected
+ Received

  Array [
    "snapshot_parent",
-   "snapshot_child_a",
-   "snapshot_child_b",
  ]

 ❯ tests/events_evaluate.test.ts:975:12
    973|     const result = evaluateEvents(state, rejectRandomness, 12, defs.re…
    974| 
    975|     assert.deepStrictEqual(
       |            ^
    976|         result.fired.map((event) => event.id),
    977|         ['snapshot_parent', 'snapshot_child_a', 'snapshot_child_b'],

⎯⎯⎯⎯⎯⎯⎯⎯⎯⎯⎯⎯⎯⎯⎯⎯⎯⎯⎯⎯⎯⎯⎯[5/13]⎯

 FAIL  tests/ui/chronicle_focus_routing.test.ts > Chronicle focused decision routing > uses completed weeks only for receipt-only groups and preserves mixed decision dates
TypeError: formatChronicleGroupDate is not a function
 ❯ tests/ui/chronicle_focus_routing.test.ts:101:12
     99|     } as any;
    100| 
    101|     expect(formatChronicleGroupDate(171, [receipt])).toBe('10-16 Jul 1…
       |            ^
    102|     expect(formatChronicleGroupDate(171, [receipt, decision])).toBe(tu…
    103|     expect(formatChronicleGroupDate(171, [decision])).toBe(turnToDateS…

⎯⎯⎯⎯⎯⎯⎯⎯⎯⎯⎯⎯⎯⎯⎯⎯⎯⎯⎯⎯⎯⎯⎯[6/13]⎯

 FAIL  tests/ui/chronicle_spine_scrubber.test.ts > ChronicleRibbonScrubber > formats completed receipt weeks while keeping turn zero safe
TypeError: turnToCompletedWeekRange is not a function
 ❯ tests/ui/chronicle_spine_scrubber.test.ts:13:16
     11| describe('ChronicleRibbonScrubber', () => {
     12|     it('formats completed receipt weeks while keeping turn zero safe',…
     13|         expect(turnToCompletedWeekRange(171)).toBe('10-16 Jul 1995');
       |                ^
     14|         expect(turnToCompletedWeekRange(178)).toBe('28 Aug-3 Sep 1995'…
     15|         expect(turnToCompletedWeekRange(0)).toBe('6 Apr 1992');

⎯⎯⎯⎯⎯⎯⎯⎯⎯⎯⎯⎯⎯⎯⎯⎯⎯⎯⎯⎯⎯⎯⎯[7/13]⎯

 FAIL  tests/ui/decision_consequence_records_panel.test.ts > DecisionConsequenceRecordsPanel > links an authored source decision forward to its filed receipt and back
TypeError: turnToCompletedWeekRange is not a function
 ❯ tests/ui/decision_consequence_records_panel.test.ts:103:46
    101|       .toBe('receipt:source-event::accept::4::downstream-event');
    102|     expect(receiptRow.getAttribute('data-source-record-id')).toBe('dec…
    103|     expect(receiptRow.textContent).toContain(turnToCompletedWeekRange(…
       |                                              ^
    104|     expect(sourceRow.textContent).toContain(turnToDateString(4));
    105|     fireEvent.click(screen.getByRole('button', { name: 'Back to source…

⎯⎯⎯⎯⎯⎯⎯⎯⎯⎯⎯⎯⎯⎯⎯⎯⎯⎯⎯⎯⎯⎯⎯[8/13]⎯

 FAIL  tests/ui/settlement_timeline_i18n.test.ts > SettlementTimeline localization > labels occurrence receipts with their completed week in each locale
AssertionError: expected '17 Jul 1995' to be '10-16 Jul 1995' // Object.is equality

Expected: "10-16 Jul 1995"
Received: "17 Jul 1995"

 ❯ tests/ui/settlement_timeline_i18n.test.ts:23:51
     21|   it('labels occurrence receipts with their completed week in each loc…
     22|     setLocale('en');
     23|     expect(formatSettlementTimelineTurnDate(171)).toBe('10-16 Jul 1995…
       |                                                   ^
     24|     setLocale('bcs');
     25|     expect(formatSettlementTimelineTurnDate(178)).toBe('28 aug-3 sep 1…

⎯⎯⎯⎯⎯⎯⎯⎯⎯⎯⎯⎯⎯⎯⎯⎯⎯⎯⎯⎯⎯⎯⎯[9/13]⎯

 Test Files  7 failed | 1 passed (8)
      Tests  13 failed | 137 passed (150)
   Start at  20:53:36
   Duration  64.75s (transform 6.11s, setup 69ms, collect 38.94s, tests 2.47s, environment 19.96s, prepare 879ms)

