
 RUN  v2.1.9 F:/AWWV-worktrees/bc09-shared-inputs

 ❯ tests/shared_turn_inputs_contract.test.ts (29 tests | 1 failed | 28 skipped) 32ms
   × shared validated turn input contract > rejects a mixed valid/invalid settlement ethnicity missing composition row set 30ms
     → promise resolved "{ …(7) }" instead of rejecting

⎯⎯⎯⎯⎯⎯⎯ Failed Tests 1 ⎯⎯⎯⎯⎯⎯⎯

 FAIL  tests/shared_turn_inputs_contract.test.ts > shared validated turn input contract > rejects a mixed valid/invalid settlement ethnicity missing composition row set
AssertionError: promise resolved "{ …(7) }" instead of rejecting

- Expected
+ Received

- [Error: rejected promise]
+ Object {
+   "historicalCorpsLookup": [Function anonymous],
+   "historicalNameLookup": [Function anonymous],
+   "historicalOobIdLookup": [Function anonymous],
+   "municipalityHqSettlement": Object {
+     "mun-a": "sid_a",
+     "mun-z": "sid_z",
+   },
+   "municipalityPopulation1991": Object {
+     "mun-a": Object {
+       "bosniak": 400,
+       "croat": 50,
+       "other": 50,
+       "serb": 100,
+       "total": 600,
+     },
+     "mun-z": Object {
+       "bosniak": 100,
+       "croat": 50,
+       "other": 50,
+       "serb": 700,
+       "total": 900,
+     },
+   },
+   "settlementDataRaw": Array [
+     Object {
+       "ethnicity": Object {
+         "composition": Object {
+           "bosniak": 1,
+           "croat": 0,
+           "other": 0,
+           "serb": 0,
+         },
+       },
+       "population": 60,
+       "sid": "sid_a",
+     },
+   ],
+   "settlementPopulationBySid": Object {
+     "sid_a": 60,
+     "sid_z": 90,
+   },
+ }

 ❯ tests/shared_turn_inputs_contract.test.ts:227:11
    225|             sids: ['sid_a'],
    226|             requirements: DESKTOP_PRODUCTION_TURN_INPUT_REQUIREMENTS,
    227|         })).rejects.toThrow(relativePath.split('/').at(-1));
       |           ^
    228|     });
    229|

⎯⎯⎯⎯⎯⎯⎯⎯⎯⎯⎯⎯⎯⎯⎯⎯⎯⎯⎯⎯⎯⎯⎯⎯[1/1]⎯

 Test Files  1 failed (1)
      Tests  1 failed | 28 skipped (29)
   Start at  08:09:03
   Duration  7.73s (transform 5.15s, setup 18ms, collect 6.92s, tests 32ms, environment 0ms, prepare 105ms)

EXIT_CODE=1
