
 RUN  v2.1.9 F:/AWWV-worktrees/bc09-shared-inputs

[E5] Political control initialized (initial municipal substrate): 5822 canonical graph nodes (SID-keyed), RBiH=2739, RS=1964, HRHB=1119, null=0. Promoted to OSID when operational data present.
[E5] Political control initialized (initial municipal substrate): 5822 canonical graph nodes (SID-keyed), RBiH=2739, RS=1964, HRHB=1119, null=0. Promoted to OSID when operational data present.
[E5] Political control initialized (initial municipal substrate): 5822 canonical graph nodes (SID-keyed), RBiH=2739, RS=1964, HRHB=1119, null=0. Promoted to OSID when operational data present.
 ✓ tests/shared_turn_inputs_contract.test.ts (26 tests) 1665ms
   ✓ shared validated turn input contract > actual scenario builder and desktop loader prepare identical numeric-key inputs 646ms
   ✓ shared validated turn input contract > actual scenario builder and desktop loader prepare identical direct-key inputs 516ms
   ✓ shared validated turn input contract > actual scenario builder accepts explicitly selected minimal shared-input omissions 337ms
 ✓ tests/turn_pipeline.test.ts (4 tests) 7626ms
   ✓ runTurn determinism > is deterministic for same state and seed 829ms
   ✓ runTurn determinism > plays the narrated ceasefire chain before opening and resolving the horizon negotiation 4449ms
   ✓ runTurn determinism > preserves the horizon negotiation when the player rejects the narrated talks 2055ms
 ✓ tests/data_prereq_check_h1_2.test.ts (5 tests) 87ms
stdout | tests/turn_result_production_callers.test.ts > TurnResult production caller handling > desktop keeps the input save unchanged and returns a deterministic actionable invariant error
[brigade_assignment] Rehomed arbih_447th_liberation into truthful sector owner sector:arbih_4th_corps:3 (reserve)

stdout | tests/turn_result_production_callers.test.ts > TurnResult production caller handling > desktop keeps the input save unchanged and returns a deterministic actionable invariant error
[brigade_assignment] Rehomed arbih_285th_light into truthful sector owner sector:arbih_2nd_corps:10 (front)
[brigade_assignment] Rehomed rs_11th_mrkonji_light_infantry into truthful sector owner sector:vrs_1st_krajina:21 (front)
[brigade_assignment] Rehomed rs_31st_light_infantry into truthful sector owner sector:vrs_1st_krajina:13 (front)
[brigade_assignment] Rehomed rs_11th_mrkonji_light_infantry into truthful sector owner sector:vrs_1st_krajina:21 (front)
[brigade_assignment] Rehomed rs_31st_light_infantry into truthful sector owner sector:vrs_1st_krajina:13 (front)
[brigade_assignment] FINAL_SEAL kind=turn turn=1 unresolved=0

stdout | tests/turn_result_production_callers.test.ts > TurnResult production caller handling > desktop keeps the input save unchanged and returns a deterministic actionable invariant error
[brigade_assignment] Rehomed arbih_447th_liberation into truthful sector owner sector:arbih_4th_corps:3 (reserve)

stdout | tests/turn_result_production_callers.test.ts > TurnResult production caller handling > desktop keeps the input save unchanged and returns a deterministic actionable invariant error
[brigade_assignment] Rehomed arbih_285th_light into truthful sector owner sector:arbih_2nd_corps:10 (front)
[brigade_assignment] Rehomed rs_11th_mrkonji_light_infantry into truthful sector owner sector:vrs_1st_krajina:21 (front)
[brigade_assignment] Rehomed rs_31st_light_infantry into truthful sector owner sector:vrs_1st_krajina:13 (front)
[brigade_assignment] Rehomed rs_11th_mrkonji_light_infantry into truthful sector owner sector:vrs_1st_krajina:21 (front)
[brigade_assignment] Rehomed rs_31st_light_infantry into truthful sector owner sector:vrs_1st_krajina:13 (front)
[brigade_assignment] FINAL_SEAL kind=turn turn=1 unresolved=0

stderr | tests/turn_result_production_callers.test.ts > TurnResult production caller handling > deterministic scenario CLI stops on the first invariant failure without advancing its input
[displacement_triggers] hasLiveSectorFrontlineTruth=false — using legacy pressure eligibility fallback. Activity counts may differ from canonical sector truth.

 ✓ tests/turn_result_production_callers.test.ts (2 tests) 7213ms
   ✓ TurnResult production caller handling > desktop keeps the input save unchanged and returns a deterministic actionable invariant error 6898ms
   ✓ TurnResult production caller handling > deterministic scenario CLI stops on the first invariant failure without advancing its input 313ms

 Test Files  4 passed (4)
      Tests  37 passed (37)
   Start at  07:57:41
   Duration  27.54s (transform 5.52s, setup 26ms, collect 9.10s, tests 16.59s, environment 1ms, prepare 417ms)

EXIT_CODE=0
