
 RUN  v2.1.9 F:/AWWV-worktrees/bc09-shared-inputs

[E5] Political control initialized (initial municipal substrate): 5822 canonical graph nodes (SID-keyed), RBiH=2739, RS=1964, HRHB=1119, null=0. Promoted to OSID when operational data present.
[E5] Political control initialized (initial municipal substrate): 5822 canonical graph nodes (SID-keyed), RBiH=2739, RS=1964, HRHB=1119, null=0. Promoted to OSID when operational data present.
 ❯ tests/shared_turn_inputs_contract.test.ts (26 tests | 7 failed) 1369ms
   × shared validated turn input contract > rejects a mixed valid/invalid numeric municipality row set 22ms
     → promise resolved "{ …(7) }" instead of rejecting
   × shared validated turn input contract > rejects a mixed valid/invalid settlement census row set 9ms
     → promise resolved "{ …(7) }" instead of rejecting
   × shared validated turn input contract > rejects a mixed valid/invalid settlement ethnicity row set 9ms
     → promise resolved "{ …(7) }" instead of rejecting
   × shared validated turn input contract > rejects a mixed valid/invalid municipality HQ row set 9ms
     → promise resolved "{ …(7) }" instead of rejecting
   × shared validated turn input contract > actual scenario builder and desktop loader prepare identical numeric-key inputs 571ms
     → expected {} to deeply equal { banovici: 'S100013', …(108) }
   × shared validated turn input contract > actual scenario builder and desktop loader prepare identical direct-key inputs 503ms
     → expected {} to deeply equal { banovici: 'S100013', …(108) }
   × shared validated turn input contract > actual scenario builder accepts explicitly selected minimal shared-input omissions 110ms
     → Shared turn input data/derived/municipality_population_1991.json: ENOENT: no such file or directory, open 'C:\Users\User\AppData\Local\Temp\awwv-shared-turn-builder-L3eu2R\data\derived\municipality_population_1991.json'

⎯⎯⎯⎯⎯⎯⎯ Failed Tests 7 ⎯⎯⎯⎯⎯⎯⎯

 FAIL  tests/shared_turn_inputs_contract.test.ts > shared validated turn input contract > rejects a mixed valid/invalid numeric municipality row set
 FAIL  tests/shared_turn_inputs_contract.test.ts > shared validated turn input contract > rejects a mixed valid/invalid settlement census row set
 FAIL  tests/shared_turn_inputs_contract.test.ts > shared validated turn input contract > rejects a mixed valid/invalid settlement ethnicity row set
 FAIL  tests/shared_turn_inputs_contract.test.ts > shared validated turn input contract > rejects a mixed valid/invalid municipality HQ row set
AssertionError: promise resolved "{ …(7) }" instead of rejecting

- Expected
+ Received

- [Error: rejected promise]
+ Object {
+   "historicalCorpsLookup": [Function anonymous],
+   "historicalNameLookup": [Function anonymous],
+   "historicalOobIdLookup": [Function anonymous],
+   "municipalityHqSettlement": Object {
+     "mun-a": "sid_a",
+     "mun-z": "sid_z",
+   },
+   "municipalityPopulation1991": Object {
+     "mun-a": Object {
+       "bosniak": 0,
+       "croat": 0,
+       "other": 0,
+       "serb": 0,
+       "total": 1,
+     },
+   },
+   "settlementDataRaw": Array [
+     Object {
+       "ethnicity": Object {
+         "composition": Object {
+           "bosniak": 70,
+           "croat": 10,
+           "other": 10,
+           "serb": 10,
+         },
+       },
+       "population": 60,
+       "sid": "sid_a",
+     },
+   ],
+   "settlementPopulationBySid": Object {
+     "sid_a": 60,
+     "sid_z": 90,
+   },
+ }

 ❯ tests/shared_turn_inputs_contract.test.ts:225:11
    223|             sids: ['sid_a'],
    224|             requirements: DESKTOP_PRODUCTION_TURN_INPUT_REQUIREMENTS,
    225|         })).rejects.toThrow(relativePath.split('/').at(-1));
       |           ^
    226|     });
    227|

⎯⎯⎯⎯⎯⎯⎯⎯⎯⎯⎯⎯⎯⎯⎯⎯⎯⎯⎯⎯⎯⎯⎯⎯[1/7]⎯

 FAIL  tests/shared_turn_inputs_contract.test.ts > shared validated turn input contract > actual scenario builder and desktop loader prepare identical numeric-key inputs
 FAIL  tests/shared_turn_inputs_contract.test.ts > shared validated turn input contract > actual scenario builder and desktop loader prepare identical direct-key inputs
AssertionError: expected {} to deeply equal { banovici: 'S100013', …(108) }

- Expected
+ Received

- Object {
-   "banja_luka": "S200026",
-   "banovici": "S100013",
-   "bihac": "S100838",
-   "bijeljina": "S200891",
-   "bileca": "S201545",
-   "bosanska_dubica": "S210765",
-   "bosanska_gradiska": "S206156",
-   "bosanska_kostajnica": "S211362",
-   "bosanska_krupa": "S104159",
-   "bosanski_brod": "S202746",
-   "bosanski_novi": "S215112",
-   "bosanski_petrovac": "S105554",
-   "bosanski_samac": "S229083",
-   "bosansko_grahovo": "S106160",
-   "bratunac": "S202258",
-   "brcko": "S300136",
-   "breza": "S107743",
-   "bugojno": "S108120",
-   "busovaca": "S108936",
-   "cajnice": "S228419",
-   "capljina": "S110442",
-   "cazin": "S109452",
-   "celinac": "S228788",
-   "centar_sarajevo": "S192015",
-   "citluk": "S111163",
-   "derventa": "S207446",
-   "doboj": "S208019",
-   "donji_vakuf": "S112917",
-   "duvno": "S113611",
-   "foca": "S227897",
-   "fojnica": "S115592",
-   "gacko": "S205958",
-   "glamoc": "S116963",
-   "gorazde": "S117994",
-   "gornji_vakuf": "S119709",
-   "gracanica": "S120154",
-   "gradacac": "S120553",
-   "grude": "S120880",
-   "hadzici": "S142425",
-   "ilidza": "S170607",
-   "ilijas": "S143332",
-   "jablanica": "S121398",
-   "jajce": "S121851",
-   "kakanj": "S122742",
-   "kalesija": "S123749",
-   "kalinovik": "S209961",
-   "kiseljak": "S125067",
-   "kladanj": "S125644",
-   "kljuc": "S126314",
-   "konjic": "S127477",
-   "kotor_varos": "S211699",
-   "kresevo": "S128899",
-   "kupres": "S129232",
-   "laktasi": "S212385",
-   "listica": "S130109",
-   "livno": "S130486",
-   "ljubinje": "S213063",
-   "ljubuski": "S132241",
-   "lopare": "S212687",
-   "lukavac": "S131598",
-   "maglaj": "S132799",
-   "modrica": "S213969",
-   "mostar": "S166090",
-   "mrkonjic_grad": "S214272",
-   "neum": "S134554",
-   "nevesinje": "S214787",
-   "novi_grad_sarajevo": "S170658",
-   "novi_travnik": "S138720",
-   "novo_sarajevo": "S170666",
-   "odzak": "S170356",
-   "olovo": "S135712",
-   "orasje": "S136000",
-   "pale": "S216984",
-   "posusje": "S136158",
-   "prijedor": "S218375",
-   "prnjavor": "S219096",
-   "prozor": "S138207",
-   "rogatica": "S220469",
-   "rudo": "S221562",
-   "sanski_most": "S141909",
-   "sekovici": "S229601",
-   "sipovo": "S230138",
-   "skender_vakuf": "S210595",
-   "sokolac": "S222119",
-   "srbac": "S223263",
-   "srebrenica": "S224065",
-   "srebrenik": "S149110",
-   "stari_grad_sarajevo": "S166499",
-   "stolac": "S170976",
-   "tesanj": "S151360",
-   "teslic": "S224677",
-   "titov_drvar": "S151742",
-   "travnik": "S152692",
-   "trebinje": "S226084",
-   "trnovo": "S165450",
-   "tuzla": "S155551",
-   "ugljevik": "S226882",
-   "vares": "S156701",
-   "velika_kladusa": "S157309",
-   "visegrad": "S203009",
-   "visoko": "S158275",
-   "vitez": "S160431",
-   "vlasenica": "S205176",
-   "vogosca": "S146013",
-   "zavidovici": "S162094",
-   "zenica": "S162973",
-   "zepce": "S163970",
-   "zivinice": "S164291",
-   "zvornik": "S230545",
- }
+ Object {}

 ❯ tests/shared_turn_inputs_contract.test.ts:248:54
    246|             expect(startup.settlementPopulationBySid).toEqual(desktop.…
    247|             expect(startup.settlementDataRaw).toEqual(desktop.settleme…
    248|             expect(startup.municipalityHqSettlement).toEqual(desktop.m…
       |                                                      ^
    249|             const firstOob = JSON.parse(await (await import('node:fs/p…
    250|             expect(startup.historicalNameLookup?.(firstOob.faction, fi…

⎯⎯⎯⎯⎯⎯⎯⎯⎯⎯⎯⎯⎯⎯⎯⎯⎯⎯⎯⎯⎯⎯⎯⎯[2/7]⎯

 FAIL  tests/shared_turn_inputs_contract.test.ts > shared validated turn input contract > actual scenario builder accepts explicitly selected minimal shared-input omissions
Error: Shared turn input data/derived/municipality_population_1991.json: ENOENT: no such file or directory, open 'C:\Users\User\AppData\Local\Temp\awwv-shared-turn-builder-L3eu2R\data\derived\municipality_population_1991.json'
 ❯ inputError src/scenario/turn_inputs.ts:109:12
    107| function inputError(relativePath: string, error: unknown): Error {
    108|     const detail = error instanceof Error ? error.message : String(err…
    109|     return new Error(`Shared turn input ${relativePath}: ${detail}`);
       |            ^
    110| }
    111|
 ❯ loadMunicipalityPopulation1991 src/scenario/turn_inputs.ts:176:29
 ❯ Module.prepareSharedTurnInputs src/scenario/turn_inputs.ts:297:9
 ❯ Module.buildScenarioStartupState src/scenario/scenario_runner.ts:1562:30
 ❯ tests/shared_turn_inputs_contract.test.ts:274:25

⎯⎯⎯⎯⎯⎯⎯⎯⎯⎯⎯⎯⎯⎯⎯⎯⎯⎯⎯⎯⎯⎯⎯⎯[3/7]⎯

 Test Files  1 failed (1)
      Tests  7 failed | 19 passed (26)
   Start at  07:45:19
   Duration  8.96s (transform 5.17s, setup 18ms, collect 6.81s, tests 1.37s, environment 0ms, prepare 105ms)
