COMMAND={"cwd":"F:/A-War-Without-Victory","command":"C:/Users/User/AppData/Local/Volta/tools/image/node/22.23.2/node.exe","args":["logs/r7-english-readability/desk39-layout-post-a-preflight.mjs","F:/AWWV-worktrees/r7-readability-post-a","F:/A-War-Without-Victory/logs/r7-english-readability/pre-188w-clean/apr1992_definitive_188w__6898d6d2e324c7a3__w188","88996a23d2441a391b25706c734626b5732e37b5","logs/r7-english-readability/desk39-layout-post-a-preflight1.json"]}
NODE_PATH=C:/Users/User/AppData/Local/Volta/tools/image/node/22.23.2
RUN_ENV={"AWWV_S6_GRADE_RUN":null,"provenanceOverridePresent":false}
{
  "checkout": "F:/AWWV-worktrees/r7-readability-post-a",
  "expectedCommit": "88996a23d2441a391b25706c734626b5732e37b5",
  "commit": "88996a23d2441a391b25706c734626b5732e37b5",
  "status": "",
  "node": "v22.23.2",
  "checkedInputs": 31,
  "mismatches": [],
  "packageChecks": [
    {
      "path": "package.json",
      "actual": "24307c96c67584fcf28cd571f83625c02e623787a10cd3013996d0522e3c8a12",
      "expected": "24307c96c67584fcf28cd571f83625c02e623787a10cd3013996d0522e3c8a12",
      "match": true
    },
    {
      "path": "package-lock.json",
      "actual": "3bed66fe10b593a7889e90863c3fcb0990bb1ae244dc559ef30e21232c5d8ca5",
      "expected": "3bed66fe10b593a7889e90863c3fcb0990bb1ae244dc559ef30e21232c5d8ca5",
      "match": true
    },
    {
      "path": "src/ui/map/package.json",
      "actual": "39675b091b30e3df7ad3c6efdb404ca556aad89897951899ff6c6a3184eb4ee4",
      "expected": "39675b091b30e3df7ad3c6efdb404ca556aad89897951899ff6c6a3184eb4ee4",
      "match": true
    }
  ],
  "pass": true
}

EXIT_CODE=0
SIGNAL=null
