PASS NATO 1993 notice retained
PASS only Lukavac removal and NATO1993 stale-choice narrative cleanup in catalog; all other fields preserved
PASS all production source code preserved, including military operations and event evaluator
warning: in the working copy of 'docs/PROJECT_LEDGER.md', CRLF will be replaced by LF the next time Git touches it
warning: in the working copy of 'docs/PROJECT_LEDGER_KNOWLEDGE.md', CRLF will be replaced by LF the next time Git touches it
warning: in the working copy of 'docs/plans/COMMAND_BOARD.md', CRLF will be replaced by LF the next time Git touches it
PASS no untracked production source added
PASS no unrelated data, maps, floors or baseline edits
PASS preserved data/scenarios/events/war_1994.json
PASS preserved data/scenarios/events/war_1995.json
PASS preserved data/scenarios/apr1992_definitive_188w.json
PASS prior ledger preserved
warning: in the working copy of 'docs/PROJECT_LEDGER.md', CRLF will be replaced by LF the next time Git touches it
warning: in the working copy of 'docs/PROJECT_LEDGER_KNOWLEDGE.md', CRLF will be replaced by LF the next time Git touches it
PASS local link docs/PROJECT_LEDGER_KNOWLEDGE.md: PROJECT_LEDGER.md
PASS local link docs/plans/2026-07-31-full-campaign-electron-validation-plan.md: ../40_reports/audits/20260906_FACTION_CONTROLS_MUNICIPALITY_THRESHOLD_SWEEP.md
warning: in the working copy of 'docs/plans/COMMAND_BOARD.md', CRLF will be replaced by LF the next time Git touches it
PASS local link docs/plans/COMMAND_BOARD.md: 2026-07-31-full-campaign-electron-validation-plan.md
PASS local link docs/plans/MASTER_ROADMAP.md: 2026-07-31-full-campaign-electron-validation-plan.md
warning: in the working copy of 'docs/PROJECT_LEDGER.md', CRLF will be replaced by LF the next time Git touches it
13 checks passed; diff check exit 0
warning: in the working copy of 'docs/PROJECT_LEDGER_KNOWLEDGE.md', CRLF will be replaced by LF the next time Git touches it
warning: in the working copy of 'docs/plans/COMMAND_BOARD.md', CRLF will be replaced by LF the next time Git touches it
