.github/workflows/baseline-regression.yml 8DBDF052DD52AA8BDC02CA564887831A36A9FBB7386C4E7D38884662C680A672
.github/workflows/desktop-release-guard.yml 0ABB8FABB24AD88F3FE6F9E1BB13FB0CE28C9B0373CCF69D543457DCDFA53B6D
.github/workflows/event-system-ci.yml C17B64BACE247DBC116A6C7CD6A30D4E6E0E26A894BAB9B2BF950ED87B2E41E8
.github/workflows/full-suite-and-fingerprint.yml 8D9A707F002BAFEDB7D867683E20667043E93F5AED9F605D19F1E496D6097E94
.github/workflows/README.md 8FED41F994D44B8428352D914BF5546F307A7D34F82D66ECDA29A35E503FC4AF
.github/workflows/release.yml D68D1FC936D46991AAA339BE06B495D97F70678931C4FF13FEB6BF990C8FEBF2
.github/workflows/typecheck.yml E705D5BC19F3A886BCC63D06CEACFB363BA5F34786E810C0723BBA7B88925500
package-lock.json 3BED66FE10B593A7889E90863C3FCB0990BB1AE244DC559EF30E21232C5D8CA5
package.json A9EBC3756BD230D17719680084424BFA2A8E9ECEFDFFA351A368B062EE031409
src/ui/map/package.json 39675B091B30E3DF7AD3C6EFDB404CA556AAD89897951899FF6C6A3184EB4EE4
tests/map_workspace_script_contract.test.ts 9FB447E47A4FD0FA917D36C926F17296DE94CD78B13642E0D081EF0B7D111AC2
tests/run_vitest_balanced.test.ts BB6667B21E111DC3A235800826D500308EDF1E6302D6ABBCB59B51FCAF584E75
tests/runtime_dependency_resolution.test.ts 5D97B99AA9EFCD423DD5F648E0B56E728994781FD7FF386F65AA4EACDCF16B5D
tests/test_runner_contract.test.ts A99EDD3BFD994D46BF17B6F15113714EBAFDCC9F54C5C0AC37A2E35E16028A0A
tools/test/run_vitest_balanced.mjs 5F737CF5EB8E9B5F6B891D995D384C8C15B935D763294591D0E253DDF49CB70C
tools/test/run_vitest_slice.d.mts C15FF9EC9EB17AF71AAFA1B6557F15F324F749072DF0310C945059ED4BC6EE3B
tools/test/run_vitest_slice.mjs AB96CA709227F8F1A4C5130DD5C2634B110707030CD23D0BE73A8887EE4C2D71
tools/test/vitest_shared_config.mjs 3B54498ACE21532DDBD4FEE6DBCC4C8831CB99B84879446E6B41929BB5580D4D
vitest.config.ts 88A16482159A5813C4ECFE3383CA5EC87B93D3510EFC6ECD9551EAD4BCAA1BB0
Compared=19; Mismatches=0
EXIT_CODE=0
